// Jest Snapshot v1, https://goo.gl/fbAQLP

exports[`sheet insert 1`] = `Array []`;

exports[`sheet insert ssr 1`] = `Array []`;
